* Parsing memspecs/MICRON_1Gb_DDR2-1066_16bit_H.xml
* Analysis start time: Fri Jul 25 09:55:57 2014
* Analyzing the input trace
* Power Computation Start time: Fri Jul 25 09:55:57 2014
* Trace Details:
Number of Activates: 1502
Number of Reads: 1499
Number of Writes: 3
Number of Precharges: 1502
Number of Refreshes: 36
Number of Active Cycles: 36250
  Number of Active Idle Cycles: 12529
  Number of Active Power-Up Cycles: 0
    Number of Auto-Refresh Active cycles during Self-Refresh Power-Up: 0
Number of Precharged Cycles: 79232
  Number of Precharged Idle Cycles: 70278
  Number of Precharged Power-Up Cycles: 0
    Number of Auto-Refresh Precharged cycles during Self-Refresh Power-Up: 0
  Number of Self-Refresh Power-Up Cycles: 0
Total Idle Cycles (Active + Precharged): 82807
Number of Power-Downs: 0
  Number of Active Fast-exit Power-Downs: 0
  Number of Active Slow-exit Power-Downs: 0
  Number of Precharged Fast-exit Power-Downs: 0
  Number of Precharged Slow-exit Power-Downs: 0
Number of Power-Down Cycles: 0
  Number of Active Fast-exit Power-Down Cycles: 0
  Number of Active Slow-exit Power-Down Cycles: 0
    Number of Auto-Refresh Active cycles during Self-Refresh: 0
  Number of Precharged Fast-exit Power-Down Cycles: 0
  Number of Precharged Slow-exit Power-Down Cycles: 0
    Number of Auto-Refresh Precharged cycles during Self-Refresh: 0
Number of Auto-Refresh Cycles: 2448
Number of Self-Refreshes: 0
Number of Self-Refresh Cycles: 0
----------------------------------------
Total Trace Length (clock cycles): 115482
----------------------------------------

* Trace Power and Energy Estimates:
ACT Cmd Energy: 5843428.14 pJ
PRE Cmd Energy: 1917374.86 pJ
RD Cmd Energy: 2794383.49 pJ
WR Cmd Energy: 5795.12 pJ
ACT Stdby Energy: 5141651.03 pJ
  Active Idle Energy: 1777096.44 pJ
  Active Power-Up Energy: 0.00 pJ
    Active Stdby Energy during Auto-Refresh cycles in Self-Refresh Power-Up: 0.00 pJ
PRE Stdby Energy: 9632708.44 pJ
  Precharge Idle Energy: 8544117.07 pJ
  Precharged Power-Up Energy: 0.00 pJ
    Precharge Stdby Energy during Auto-Refresh cycles in Self-Refresh Power-Up: 0.00 pJ
  Self-Refresh Power-Up Energy: 0.00 pJ
Total Idle Energy (Active + Precharged): 10321213.51 pJ
Total Power-Down Energy: 0.00 pJ
  Fast-Exit Active Power-Down Energy: 0.00 pJ
  Slow-Exit Active Power-Down Energy: 0.00 pJ
    Slow-Exit Active Power-Down Energy during Auto-Refresh cycles in Self-Refresh: 0.00 pJ
  Fast-Exit Precharged Power-Down Energy: 0.00 pJ
  Slow-Exit Precharged Power-Down Energy: 0.00 pJ
    Slow-Exit Precharged Power-Down Energy during Auto-Refresh cycles in Self-Refresh: 0.00 pJ
Auto-Refresh Energy: 975525.70 pJ
Self-Refresh Energy: 0.00 pJ
----------------------------------------
Total Trace Energy: 26310866.79 pJ
Average Power: 121.44 mW
----------------------------------------
* Power Computation End time: Fri Jul 25 09:55:57 2014
* Total Simulation time: 0.02 seconds
