* Parsing ../DRAMPower/memspecs/MICRON_2Gb_LPDDR2-1066-S4_16bit_A.xml
* Analyzing the input trace
* Trace Details:
Number of Activates: 4000
Number of Reads: 8000
Number of Writes: 0
Number of Precharges: 4000
Number of Refreshes: 19
Number of Active Cycles: 41431
  Number of Active Idle Cycles: 0
  Number of Active Power-Up Cycles: 0
    Number of Auto-Refresh Active cycles during Self-Refresh Power-Up: 0
Number of Precharged Cycles: 503
  Number of Precharged Idle Cycles: 114
  Number of Precharged Power-Up Cycles: 0
    Number of Auto-Refresh Precharged cycles during Self-Refresh Power-Up: 0
  Number of Self-Refresh Power-Up Cycles: 0
Total Idle Cycles (Active + Precharged): 114
Number of Power-Downs: 0
  Number of Active Fast-exit Power-Downs: 0
  Number of Active Slow-exit Power-Downs: 0
  Number of Precharged Fast-exit Power-Downs: 0
  Number of Precharged Slow-exit Power-Downs: 0
Number of Power-Down Cycles: 0
  Number of Active Fast-exit Power-Down Cycles: 0
  Number of Active Slow-exit Power-Down Cycles: 0
    Number of Auto-Refresh Active cycles during Self-Refresh: 0
  Number of Precharged Fast-exit Power-Down Cycles: 0
  Number of Precharged Slow-exit Power-Down Cycles: 0
    Number of Auto-Refresh Precharged cycles during Self-Refresh: 0
Number of Auto-Refresh Cycles: 1330
Number of Self-Refreshes: 0
Number of Self-Refresh Cycles: 0
----------------------------------------
Total Trace Length (clock cycles): 41934
----------------------------------------

* Trace Power and Energy Estimates:
ACT Cmd Energy: 14333358.35 pJ
PRE Cmd Energy: 6196322.70 pJ
RD Cmd Energy: 14531482.18 pJ
WR Cmd Energy: 0.00 pJ
RD I/O Energy: 1036800.00 pJ
ACT Stdby Energy: 2966241.95 pJ
  Active Idle Energy: 0.00 pJ
  Active Power-Up Energy: 0.00 pJ
    Active Stdby Energy during Auto-Refresh cycles in Self-Refresh Power-Up: 0.00 pJ
PRE Stdby Energy: 27801.84 pJ
  Precharge Idle Energy: 6301.01 pJ
  Precharged Power-Up Energy: 0.00 pJ
    Precharge Stdby Energy during Auto-Refresh cycles in Self-Refresh Power-Up: 0.00 pJ
  Self-Refresh Power-Up Energy: 0.00 pJ
Total Idle Energy (Active + Precharged): 6301.01 pJ
Total Power-Down Energy: 0.00 pJ
  Fast-Exit Active Power-Down Energy: 0.00 pJ
  Slow-Exit Active Power-Down Energy: 0.00 pJ
    Slow-Exit Active Power-Down Energy during Auto-Refresh cycles in Self-Refresh: 0.00 pJ
  Fast-Exit Precharged Power-Down Energy: 0.00 pJ
  Slow-Exit Precharged Power-Down Energy: 0.00 pJ
    Slow-Exit Precharged Power-Down Energy during Auto-Refresh cycles in Self-Refresh: 0.00 pJ
Auto-Refresh Energy: 379386.87 pJ
Self-Refresh Energy: 0.00 pJ
----------------------------------------
Total Trace Energy: 39471393.88 pJ
Average Power: 501.70 mW
----------------------------------------

