* Parsing memspecs/MICRON_4Gb_LPDDR3-1333_32bit_A.xml
* Analysis start time: Tue Sep  9 14:08:21 2014
* Analyzing the input trace
* Trace Details:
Number of Activates: 92905
Number of Reads: 81572
Number of Writes: 11333
Number of Precharges: 92905
Number of Refreshes: 14895
Number of Active Cycles: 3842707
  Number of Active Idle Cycles: 252533
  Number of Active Power-Up Cycles: 0
    Number of Auto-Refresh Active cycles during Self-Refresh Power-Up: 0
Number of Precharged Cycles: 34885360
  Number of Precharged Idle Cycles: 33707534
  Number of Precharged Power-Up Cycles: 0
    Number of Auto-Refresh Precharged cycles during Self-Refresh Power-Up: 0
  Number of Self-Refresh Power-Up Cycles: 0
Total Idle Cycles (Active + Precharged): 33960067
Number of Power-Downs: 0
  Number of Active Fast-exit Power-Downs: 0
  Number of Active Slow-exit Power-Downs: 0
  Number of Precharged Fast-exit Power-Downs: 0
  Number of Precharged Slow-exit Power-Downs: 0
Number of Power-Down Cycles: 0
  Number of Active Fast-exit Power-Down Cycles: 0
  Number of Active Slow-exit Power-Down Cycles: 0
    Number of Auto-Refresh Active cycles during Self-Refresh: 0
  Number of Precharged Fast-exit Power-Down Cycles: 0
  Number of Precharged Slow-exit Power-Down Cycles: 0
    Number of Auto-Refresh Precharged cycles during Self-Refresh: 0
Number of Auto-Refresh Cycles: 1295865
Number of Self-Refreshes: 0
Number of Self-Refresh Cycles: 0
----------------------------------------
Total Trace Length (clock cycles): 38728067
----------------------------------------

* Trace Power and Energy Estimates:
ACT Cmd Energy: 298354587.71 pJ
PRE Cmd Energy: 102794437.78 pJ
RD Cmd Energy: 122981713.94 pJ
WR Cmd Energy: 19492080.36 pJ
ACT Stdby Energy: 283450051.57 pJ
  Active Idle Energy: 18627621.59 pJ
  Active Power-Up Energy: 0.00 pJ
    Active Stdby Energy during Auto-Refresh cycles in Self-Refresh Power-Up: 0.00 pJ
PRE Stdby Energy: 2447728407.80 pJ
  Precharge Idle Energy: 2365086343.63 pJ
  Precharged Power-Up Energy: 0.00 pJ
    Precharge Stdby Energy during Auto-Refresh cycles in Self-Refresh Power-Up: 0.00 pJ
  Self-Refresh Power-Up Energy: 0.00 pJ
Total Idle Energy (Active + Precharged): 2383713965.22 pJ
Total Power-Down Energy: 0.00 pJ
  Fast-Exit Active Power-Down Energy: 0.00 pJ
  Slow-Exit Active Power-Down Energy: 0.00 pJ
    Slow-Exit Active Power-Down Energy during Auto-Refresh cycles in Self-Refresh: 0.00 pJ
  Fast-Exit Precharged Power-Down Energy: 0.00 pJ
  Slow-Exit Precharged Power-Down Energy: 0.00 pJ
    Slow-Exit Precharged Power-Down Energy during Auto-Refresh cycles in Self-Refresh: 0.00 pJ
Auto-Refresh Energy: 412656260.87 pJ
Self-Refresh Energy: 0.00 pJ
----------------------------------------
Total Trace Energy: 3687457540.03 pJ
Average Power: 63.51 mW
----------------------------------------
* Power Computation End time: Tue Sep  9 14:08:24 2014
* Total Simulation time: 2.68 seconds
